// Vitest Snapshot v1, https://vitest.dev/guide/snapshot.html

exports[`profile round-trips > CineStill 800T — processImageData with default settings produces stable output 1`] = `
[
  38,
  90,
  130,
  255,
  170,
  164,
  197,
  255,
  243,
  228,
  249,
  255,
  59,
  76,
  100,
  255,
]
`;

exports[`profile round-trips > Fujifilm Pro 400H — processImageData with default settings produces stable output 1`] = `
[
  33,
  91,
  118,
  255,
  136,
  171,
  189,
  255,
  218,
  241,
  254,
  255,
  48,
  78,
  91,
  255,
]
`;

exports[`profile round-trips > Fujifilm Superia 400 — processImageData with default settings produces stable output 1`] = `
[
  19,
  84,
  96,
  255,
  139,
  163,
  150,
  255,
  227,
  241,
  224,
  255,
  41,
  69,
  67,
  255,
]
`;

exports[`profile round-trips > Generic B&W — processImageData with default settings produces stable output 1`] = `
[
  58,
  58,
  58,
  255,
  136,
  136,
  136,
  255,
  213,
  213,
  213,
  255,
  52,
  52,
  52,
  255,
]
`;

exports[`profile round-trips > Generic Color — processImageData with default settings produces stable output 1`] = `
[
  37,
  67,
  74,
  255,
  147,
  138,
  127,
  255,
  230,
  214,
  198,
  255,
  50,
  55,
  52,
  255,
]
`;

exports[`profile round-trips > Ilford Delta 3200 — processImageData with default settings produces stable output 1`] = `
[
  27,
  27,
  27,
  255,
  129,
  129,
  129,
  255,
  227,
  227,
  227,
  255,
  18,
  18,
  18,
  255,
]
`;

exports[`profile round-trips > Ilford HP5 Plus — processImageData with default settings produces stable output 1`] = `
[
  50,
  50,
  50,
  255,
  134,
  134,
  134,
  255,
  217,
  217,
  217,
  255,
  43,
  43,
  43,
  255,
]
`;

exports[`profile round-trips > Kodak Ektar 100 — processImageData with default settings produces stable output 1`] = `
[
  11,
  68,
  83,
  255,
  138,
  139,
  129,
  255,
  229,
  217,
  202,
  255,
  38,
  52,
  52,
  255,
]
`;

exports[`profile round-trips > Kodak Gold 200 — processImageData with default settings produces stable output 1`] = `
[
  42,
  78,
  74,
  255,
  187,
  153,
  119,
  255,
  255,
  234,
  194,
  255,
  71,
  61,
  44,
  255,
]
`;

exports[`profile round-trips > Kodak Portra 160 — processImageData with default settings produces stable output 1`] = `
[
  43,
  76,
  85,
  255,
  150,
  142,
  134,
  255,
  227,
  214,
  203,
  255,
  60,
  64,
  63,
  255,
]
`;

exports[`profile round-trips > Kodak Portra 400 — processImageData with default settings produces stable output 1`] = `
[
  48,
  79,
  83,
  255,
  166,
  147,
  130,
  255,
  236,
  220,
  200,
  255,
  68,
  66,
  59,
  255,
]
`;

exports[`profile round-trips > Kodak Tri-X 400 — processImageData with default settings produces stable output 1`] = `
[
  40,
  40,
  40,
  255,
  133,
  133,
  133,
  255,
  223,
  223,
  223,
  255,
  32,
  32,
  32,
  255,
]
`;
